[amentotech.com/htmls/worktern/index.html]
[backblue.gif]
[fade.gif]
[index.html]
[amentotech.com/htmls/worktern/apple-touch-icon.png]
[amentotech.com/htmls/worktern/images/favicon.png]
[amentotech.com/htmls/worktern/js/vendor/modernizr-2.8.3-respond-1.4.2.min.js]
[amentotech.com/htmls/worktern/index-2.html]
[amentotech.com/htmls/worktern/images/logo.png]
[amentotech.com/htmls/worktern/indexvtwo.html]
[amentotech.com/htmls/worktern/articlegrid.html]
[amentotech.com/htmls/worktern/articlesingle.html]
[amentotech.com/htmls/worktern/articleclassic.html]
[amentotech.com/htmls/worktern/companygrid.html]
[amentotech.com/htmls/worktern/companysigle.html]
[amentotech.com/htmls/worktern/about.html]
[amentotech.com/htmls/worktern/privacypolicy.html]
[amentotech.com/htmls/worktern/comingsoon.html]
[amentotech.com/htmls/worktern/404page.html]
[amentotech.com/htmls/worktern/howitworks.html]
[amentotech.com/htmls/worktern/joblisting.html]
[amentotech.com/htmls/worktern/jobsingle.html]
[amentotech.com/htmls/worktern/jobproposal.html]
[amentotech.com/htmls/worktern/userlisting.html]
[amentotech.com/htmls/worktern/usersingle.html]
[amentotech.com/htmls/worktern/images/user-login.png]
[amentotech.com/htmls/worktern/images/user-img.jpg]
[amentotech.com/htmls/worktern/dashboard-insights.html]
[amentotech.com/htmls/worktern/dashboard-insightsuser.html]
[amentotech.com/htmls/worktern/dashboard-profile.html]
[amentotech.com/htmls/worktern/dashboard-completejobs.html]
[amentotech.com/htmls/worktern/dashboard-canceljobs.html]
[amentotech.com/htmls/worktern/dashboard-ongoingjob.html]
[amentotech.com/htmls/worktern/dashboard-ongoingsingle.html]
[amentotech.com/htmls/worktern/dashboard-managejobs.html]
[amentotech.com/htmls/worktern/dashboard-messages.html]
[amentotech.com/htmls/worktern/dashboard-messages2.html]
[amentotech.com/htmls/worktern/dashboard-saveitems.html]
[amentotech.com/htmls/worktern/dashboard-invocies.html]
[amentotech.com/htmls/worktern/dashboard-category.html]
[amentotech.com/htmls/worktern/dashboard-proposals.html]
[amentotech.com/htmls/worktern/dashboard-accountsettings.html]
[amentotech.com/htmls/worktern/dashboard-helpsupport.html]
[amentotech.com/htmls/worktern/images/bannerimg/img-01.png]
[amentotech.com/htmls/worktern/images/bannerimg/img-02.png]
[amentotech.com/htmls/worktern/images/bannerimg/img-03.png]
[amentotech.com/htmls/worktern/images/categories/img-01.png]
[amentotech.com/htmls/worktern/images/categories/img-08.png]
[amentotech.com/htmls/worktern/images/categories/img-02.png]
[amentotech.com/htmls/worktern/images/categories/img-03.png]
[amentotech.com/htmls/worktern/images/categories/img-04.png]
[amentotech.com/htmls/worktern/images/categories/img-05.png]
[amentotech.com/htmls/worktern/images/categories/img-06.png]
[amentotech.com/htmls/worktern/images/categories/img-07.png]
[amentotech.com/htmls/worktern/images/mobile-img.png]
[amentotech.com/htmls/worktern/images/app-icon/img-01.png]
[amentotech.com/htmls/worktern/images/app-icon/img-02.png]
[amentotech.com/htmls/worktern/images/flogo.png]
[amentotech.com/htmls/worktern/js/vendor/jquery-3.3.1.js]
[amentotech.com/htmls/worktern/js/vendor/jquery-library.js]
[amentotech.com/htmls/worktern/js/vendor/bootstrap.min.js]
[amentotech.com/htmls/worktern/js/owl.carousel.min.js]
[amentotech.com/htmls/worktern/js/chosen.jquery.js]
[amentotech.com/htmls/worktern/js/scrollbar.min.js]
[amentotech.com/htmls/worktern/js/tilt.jquery.js]
[amentotech.com/htmls/worktern/js/prettyPhoto.js]
[amentotech.com/htmls/worktern/js/jquery-ui.js]
[amentotech.com/htmls/worktern/js/readmore.js]
[amentotech.com/htmls/worktern/js/countTo.js]
[amentotech.com/htmls/worktern/js/appear.js]
[amentotech.com/htmls/worktern/js/tipso.js]
[amentotech.com/htmls/worktern/js/jRate.js]
[amentotech.com/htmls/worktern/js/main.js]
[amentotech.com/htmls/worktern/index.html]
[amentotech.com/htmls/worktern/css/bootstrap.min.css]
[amentotech.com/htmls/worktern/css/normalize.css]
[amentotech.com/htmls/worktern/css/scrollbar.css]
[amentotech.com/htmls/worktern/fonts/webfonts/fa-brands-400.eot]
[amentotech.com/htmls/worktern/fonts/webfonts/fa-brands-400.woff2]
[amentotech.com/htmls/worktern/fonts/webfonts/fa-brands-400.woff]
[amentotech.com/htmls/worktern/fonts/webfonts/fa-brands-400d41d.eot]
[amentotech.com/htmls/worktern/fonts/webfonts/fa-brands-400.ttf]
[amentotech.com/htmls/worktern/fonts/webfonts/fa-regular-400.eot]
[amentotech.com/htmls/worktern/fonts/webfonts/fa-regular-400d41d.eot]
[amentotech.com/htmls/worktern/fonts/webfonts/fa-regular-400.woff2]
[amentotech.com/htmls/worktern/fonts/webfonts/fa-regular-400.woff]
[amentotech.com/htmls/worktern/fonts/webfonts/fa-regular-400.ttf]
[amentotech.com/htmls/worktern/fonts/webfonts/fa-solid-900.eot]
[amentotech.com/htmls/worktern/fonts/webfonts/fa-solid-900d41d.eot]
[amentotech.com/htmls/worktern/fonts/webfonts/fa-solid-900.woff]
[amentotech.com/htmls/worktern/fonts/webfonts/fa-solid-900.ttf]
[amentotech.com/htmls/worktern/css/fontawesome/fontawesome-all.css]
[amentotech.com/htmls/worktern/fonts/fontawesome-webfont3e6e.eot]
[amentotech.com/htmls/worktern/fonts/fontawesome-webfontd41d.eot]
[amentotech.com/htmls/worktern/fonts/fontawesome-webfont3e6e.woff2]
[amentotech.com/htmls/worktern/fonts/fontawesome-webfont3e6e.woff]
[amentotech.com/htmls/worktern/fonts/fontawesome-webfont3e6e.ttf]
[amentotech.com/htmls/worktern/css/font-awesome.min.css]
[amentotech.com/htmls/worktern/fonts/Linearicons-Free54e9.eot]
[amentotech.com/htmls/worktern/fonts/Linearicons-Freed41d.eot]
[amentotech.com/htmls/worktern/fonts/Linearicons-Free54e9.woff2]
[amentotech.com/htmls/worktern/fonts/Linearicons-Free54e9.woff]
[amentotech.com/htmls/worktern/fonts/Linearicons-Free54e9.ttf]
[amentotech.com/htmls/worktern/css/linearicons.css]
[amentotech.com/htmls/worktern/images/ui-icons_444444_256x240.74.delayed]
[amentotech.com/htmls/worktern/images/ui-icons_555555_256x240.75.delayed]
[amentotech.com/htmls/worktern/images/ui-icons_ffffff_256x240.76.delayed]
[amentotech.com/htmls/worktern/images/ui-icons_777620_256x240.png]
[amentotech.com/htmls/worktern/images/ui-icons_cc0000_256x240.png]
[amentotech.com/htmls/worktern/images/ui-icons_777777_256x240.png]
[amentotech.com/htmls/worktern/css/jquery-ui.css]
[amentotech.com/htmls/worktern/css/tipso.css]
[amentotech.com/htmls/worktern/css/chosen-sprite.png]
[amentotech.com/htmls/worktern/css/chosen.css]
[amentotech.com/htmls/worktern/images/prettyPhoto/default/sprite.png]
[amentotech.com/htmls/worktern/images/prettyPhoto/default/sprite_x.png]
[amentotech.com/htmls/worktern/images/prettyPhoto/default/sprite_y.png]
[amentotech.com/htmls/worktern/images/prettyPhoto/default/sprite_next.png]
[amentotech.com/htmls/worktern/images/prettyPhoto/default/sprite_prev.png]
[amentotech.com/htmls/worktern/images/prettyPhoto/default/default_thumb.png]
[amentotech.com/htmls/worktern/images/prettyPhoto/default/loader.gif]
[amentotech.com/htmls/worktern/images/prettyPhoto/light_rounded/sprite.png]
[amentotech.com/htmls/worktern/images/prettyPhoto/light_rounded/btnNext.png]
[amentotech.com/htmls/worktern/images/prettyPhoto/light_rounded/btnPrevious.png]
[amentotech.com/htmls/worktern/images/prettyPhoto/dark_rounded/sprite.png]
[amentotech.com/htmls/worktern/images/prettyPhoto/dark_rounded/contentPattern.png]
[amentotech.com/htmls/worktern/images/prettyPhoto/dark_rounded/btnNext.png]
[amentotech.com/htmls/worktern/images/prettyPhoto/dark_rounded/btnPrevious.png]
[amentotech.com/htmls/worktern/images/prettyPhoto/dark_rounded/loader.gif]
[amentotech.com/htmls/worktern/images/prettyPhoto/dark_square/loader.gif]
[amentotech.com/htmls/worktern/images/prettyPhoto/dark_square/sprite.png]
[amentotech.com/htmls/worktern/images/prettyPhoto/dark_square/btnNext.png]
[amentotech.com/htmls/worktern/images/prettyPhoto/dark_square/btnPrevious.png]
[amentotech.com/htmls/worktern/images/prettyPhoto/light_square/sprite.png]
[amentotech.com/htmls/worktern/images/prettyPhoto/light_square/btnNext.png]
[amentotech.com/htmls/worktern/images/prettyPhoto/light_square/btnPrevious.png]
[amentotech.com/htmls/worktern/images/prettyPhoto/facebook/sprite.png]
[amentotech.com/htmls/worktern/images/prettyPhoto/facebook/contentPatternTop.png]
[amentotech.com/htmls/worktern/images/prettyPhoto/facebook/contentPatternLeft.png]
[amentotech.com/htmls/worktern/images/prettyPhoto/facebook/contentPatternRight.png]
[amentotech.com/htmls/worktern/images/prettyPhoto/facebook/loader.gif]
[amentotech.com/htmls/worktern/images/prettyPhoto/facebook/btnNext.png]
[amentotech.com/htmls/worktern/images/prettyPhoto/facebook/btnPrevious.png]
[amentotech.com/htmls/worktern/images/prettyPhoto/facebook/contentPatternBottom.png]
[amentotech.com/htmls/worktern/images/prettyPhoto/facebook/default_thumbnail.gif]
[amentotech.com/htmls/worktern/images/prettyPhoto/light_rounded/loader.gif]
[amentotech.com/htmls/worktern/css/prettyPhoto.css]
[amentotech.com/htmls/worktern/images/bannerimg/banner-img.jpg]
[amentotech.com/htmls/worktern/images/bg/img-01.jpg]
[amentotech.com/htmls/worktern/images/bg/img-02.jpg]
[amentotech.com/htmls/worktern/images/bannerimg/img-02.jpg]
[amentotech.com/htmls/worktern/images/signup.jpg]
[amentotech.com/htmls/worktern/images/bannerimg/img-03.jpg]
[amentotech.com/htmls/worktern/images/bg-img.png]
[amentotech.com/htmls/worktern/images/img-skills.png]
[amentotech.com/htmls/worktern/images/comingsoon/img-01.png]
[amentotech.com/htmls/worktern/css/main.css]
[amentotech.com/htmls/worktern/css/color.css]
[amentotech.com/htmls/worktern/css/transitions.css]
[amentotech.com/htmls/worktern/css/responsive.css]
[amentotech.com/htmls/worktern/index-2.html]
[amentotech.com/htmls/worktern/indexvtwo.html]
[amentotech.com/htmls/worktern/articlelist.html]
[amentotech.com/htmls/worktern/images/article/img-01.jpg]
[amentotech.com/htmls/worktern/images/article/img-02.jpg]
[amentotech.com/htmls/worktern/images/article/img-03.jpg]
[amentotech.com/htmls/worktern/images/article/img-04.jpg]
[amentotech.com/htmls/worktern/images/article/img-05.jpg]
[amentotech.com/htmls/worktern/articlegrid.html]
[amentotech.com/htmls/worktern/images/article/img-06.jpg]
[amentotech.com/htmls/worktern/images/article/articlessingle/img-01.jpg]
[amentotech.com/htmls/worktern/images/article/articlessingle/img-02.jpg]
[amentotech.com/htmls/worktern/images/article/articlessingle/img-03.jpg]
[amentotech.com/htmls/worktern/images/article/articlessingle/img-04.jpg]
[amentotech.com/htmls/worktern/images/article/articlessingle/video-img.jpg]
[amentotech.com/htmls/worktern/images/author/img-01.jpg]
[amentotech.com/htmls/worktern/images/author/img-02.jpg]
[amentotech.com/htmls/worktern/images/author/img-03.jpg]
[amentotech.com/htmls/worktern/images/author/img-04.jpg]
[amentotech.com/htmls/worktern/articlesingle.html]
[amentotech.com/htmls/worktern/images/thumbnail/img-01.jpg]
[amentotech.com/htmls/worktern/images/thumbnail/img-02.jpg]
[amentotech.com/htmls/worktern/images/thumbnail/img-03.jpg]
[amentotech.com/htmls/worktern/images/article/classic/img-01.jpg]
[amentotech.com/htmls/worktern/images/article/classic/img-02.jpg]
[amentotech.com/htmls/worktern/images/article/classic/img-03.jpg]
[amentotech.com/htmls/worktern/images/article/classic/img-04.jpg]
[amentotech.com/htmls/worktern/articleclassic.html]
[amentotech.com/htmls/worktern/images/flag/img-01.png]
[amentotech.com/htmls/worktern/images/flag/img-02.png]
[amentotech.com/htmls/worktern/images/flag/img-03.png]
[amentotech.com/htmls/worktern/images/flag/img-04.png]
[amentotech.com/htmls/worktern/images/flag/img-05.png]
[amentotech.com/htmls/worktern/images/company/img-01.jpg]
[amentotech.com/htmls/worktern/images/company/img-01.png]
[amentotech.com/htmls/worktern/images/company/img-02.jpg]
[amentotech.com/htmls/worktern/images/company/img-02.png]
[amentotech.com/htmls/worktern/images/company/img-03.jpg]
[amentotech.com/htmls/worktern/images/company/img-03.png]
[amentotech.com/htmls/worktern/images/company/img-04.jpg]
[amentotech.com/htmls/worktern/images/company/img-04.png]
[amentotech.com/htmls/worktern/images/company/img-05.jpg]
[amentotech.com/htmls/worktern/images/company/img-05.png]
[amentotech.com/htmls/worktern/images/company/img-06.jpg]
[amentotech.com/htmls/worktern/images/company/img-06.png]
[amentotech.com/htmls/worktern/companygrid.html]
[amentotech.com/htmls/worktern/images/bannerimg/banner.jpg]
[amentotech.com/htmls/worktern/images/qrcode.png]
[amentotech.com/htmls/worktern/images/followers/img-01.jpg]
[amentotech.com/htmls/worktern/images/followers/img-02.jpg]
[amentotech.com/htmls/worktern/images/followers/img-03.jpg]
[amentotech.com/htmls/worktern/images/followers/img-04.jpg]
[amentotech.com/htmls/worktern/images/followers/img-05.jpg]
[amentotech.com/htmls/worktern/images/followers/img-06.jpg]
[amentotech.com/htmls/worktern/images/followers/img-07.jpg]
[amentotech.com/htmls/worktern/images/featured.png]
[amentotech.com/htmls/worktern/companysigle.html]
[amentotech.com/htmls/worktern/images/video-img.png]
[amentotech.com/htmls/worktern/images/brands/img-01.png]
[amentotech.com/htmls/worktern/images/brands/img-02.png]
[amentotech.com/htmls/worktern/images/brands/img-03.png]
[amentotech.com/htmls/worktern/images/brands/img-04.png]
[amentotech.com/htmls/worktern/images/brands/img-05.png]
[amentotech.com/htmls/worktern/images/team/img-01.jpg]
[amentotech.com/htmls/worktern/images/team/img-02.jpg]
[amentotech.com/htmls/worktern/images/team/img-03.jpg]
[amentotech.com/htmls/worktern/images/team/img-04.jpg]
[amentotech.com/htmls/worktern/images/team/img-05.jpg]
[amentotech.com/htmls/worktern/images/team/img-06.jpg]
[amentotech.com/htmls/worktern/images/team/img-07.jpg]
[amentotech.com/htmls/worktern/images/team/img-08.jpg]
[amentotech.com/htmls/worktern/js/jquery.hoverdir.js]
[amentotech.com/htmls/worktern/about.html]
[amentotech.com/htmls/worktern/privacypolicy.html]
[amentotech.com/htmls/worktern/images/comingsoon/logo.png]
[amentotech.com/htmls/worktern/images/comingsoon/img-02.png]
[amentotech.com/htmls/worktern/comingsoon.html]
[amentotech.com/htmls/worktern/images/404-img.jpg]
[amentotech.com/htmls/worktern/404page.html]
[amentotech.com/htmls/worktern/images/work/img-01.jpg]
[amentotech.com/htmls/worktern/images/work/img-02.jpg]
[amentotech.com/htmls/worktern/images/work/img-03.jpg]
[amentotech.com/htmls/worktern/howitworks.html]
[amentotech.com/htmls/worktern/joblisting.html]
[amentotech.com/htmls/worktern/jobsingle.html]
[amentotech.com/htmls/worktern/jobproposal.html]
[amentotech.com/htmls/worktern/images/categories/slider/img-01.png]
[amentotech.com/htmls/worktern/images/categories/slider/img-02.png]
[amentotech.com/htmls/worktern/images/categories/slider/img-03.png]
[amentotech.com/htmls/worktern/images/categories/slider/img-04.png]
[amentotech.com/htmls/worktern/images/categories/slider/img-05.png]
[amentotech.com/htmls/worktern/images/user/userlisting/img-01.jpg]
[amentotech.com/htmls/worktern/images/user/userlisting/img-02.jpg]
[amentotech.com/htmls/worktern/images/user/userlisting/img-03.jpg]
[amentotech.com/htmls/worktern/images/user/userlisting/img-04.jpg]
[amentotech.com/htmls/worktern/images/user/userlisting/img-05.jpg]
[amentotech.com/htmls/worktern/images/user/userlisting/img-06.jpg]
[amentotech.com/htmls/worktern/userlisting.html]
[amentotech.com/htmls/worktern/images/profile/img-01.jpg]
[amentotech.com/htmls/worktern/images/client/img-01.jpg]
[amentotech.com/htmls/worktern/images/client/img-02.jpg]
[amentotech.com/htmls/worktern/images/client/img-03.jpg]
[amentotech.com/htmls/worktern/images/projects/img-01.jpg]
[amentotech.com/htmls/worktern/images/projects/img-02.jpg]
[amentotech.com/htmls/worktern/images/projects/img-03.jpg]
[amentotech.com/htmls/worktern/images/projects/img-04.jpg]
[amentotech.com/htmls/worktern/images/projects/img-05.jpg]
[amentotech.com/htmls/worktern/images/projects/img-06.jpg]
[amentotech.com/htmls/worktern/images/thumbnail/img-07.jpg]
[amentotech.com/htmls/worktern/images/thumbnail/img-08.jpg]
[amentotech.com/htmls/worktern/images/thumbnail/img-09.jpg]
[amentotech.com/htmls/worktern/images/thumbnail/img-10.jpg]
[amentotech.com/htmls/worktern/javascript;void(0);]
[amentotech.com/htmls/worktern/usersingle.html]
[amentotech.com/htmls/worktern/register.html]
[amentotech.com/htmls/worktern/images/sidebar/img-01.jpg]
[amentotech.com/htmls/worktern/images/sidebar/img-02.jpg]
[amentotech.com/htmls/worktern/dashboard-postjob.html]
[amentotech.com/htmls/worktern/images/user/userlisting/img-07.jpg]
[amentotech.com/htmls/worktern/images/thumbnail/img-17.png]
[amentotech.com/htmls/worktern/images/thumbnail/img-16.png]
[amentotech.com/htmls/worktern/images/thumbnail/img-15.png]
[amentotech.com/htmls/worktern/images/thumbnail/img-18.png]
[amentotech.com/htmls/worktern/images/thumbnail/img-19.png]
[amentotech.com/htmls/worktern/images/thumbnail/img-20.png]
[amentotech.com/htmls/worktern/images/thumbnail/img-21.png]
[amentotech.com/htmls/worktern/images/thumbnail/img-22.png]
[amentotech.com/htmls/worktern/js/countdown.min.js]
[amentotech.com/htmls/worktern/js/chart.js]
[amentotech.com/htmls/worktern/dashboard-insights.html]
[amentotech.com/htmls/worktern/images/sidebar/img-03.jpg]
[amentotech.com/htmls/worktern/js/jquery.basictable.min.js]
[amentotech.com/htmls/worktern/dashboard-insightsuser.html]
[amentotech.com/htmls/worktern/images/company/img-07.jpg]
[amentotech.com/htmls/worktern/images/company/img-08.jpg]
[amentotech.com/htmls/worktern/images/company/img-09.jpg]
[amentotech.com/htmls/worktern/images/company/img-10.jpg]
[amentotech.com/htmls/worktern/images/thumbnail/img-11.jpg]
[amentotech.com/htmls/worktern/images/thumbnail/img-12.jpg]
[amentotech.com/htmls/worktern/images/thumbnail/img-13.jpg]
[amentotech.com/htmls/worktern/images/add-img.jpg]
[amentotech.com/htmls/worktern/js/jquery.sortable.js]
[amentotech.com/htmls/worktern/js/gmap3.js]
[amentotech.com/htmls/worktern/dashboard-profile.html]
[amentotech.com/htmls/worktern/dashboard-completejobs.html]
[amentotech.com/htmls/worktern/dashboard-canceljobs.html]
[amentotech.com/htmls/worktern/dashboard-ongoingjob.html]
[amentotech.com/htmls/worktern/images/messages/img-12.jpg]
[amentotech.com/htmls/worktern/images/messages/img-11.jpg]
[amentotech.com/htmls/worktern/images/user/ongoing/img-01.jpg]
[amentotech.com/htmls/worktern/images/user/ongoing/img-02.jpg]
[amentotech.com/htmls/worktern/js/tinymce/tinymce.min4bb5.js]
[amentotech.com/htmls/worktern/dashboard-ongoingsingle.html]
[amentotech.com/htmls/worktern/dashboard-managejobs.html]
[amentotech.com/htmls/worktern/images/messages/img-01.jpg]
[amentotech.com/htmls/worktern/images/messages/img-02.jpg]
[amentotech.com/htmls/worktern/images/messages/img-03.jpg]
[amentotech.com/htmls/worktern/images/messages/img-04.jpg]
[amentotech.com/htmls/worktern/images/messages/img-05.jpg]
[amentotech.com/htmls/worktern/images/messages/img-06.jpg]
[amentotech.com/htmls/worktern/images/messages/img-07.jpg]
[amentotech.com/htmls/worktern/images/messages/img-08.jpg]
[amentotech.com/htmls/worktern/images/messages/img-09.jpg]
[amentotech.com/htmls/worktern/images/messages/img-10.jpg]
[amentotech.com/htmls/worktern/images/profile/img-02.jpg]
[amentotech.com/htmls/worktern/dashboard-messages.html]
[amentotech.com/htmls/worktern/images/message-img.png]
[amentotech.com/htmls/worktern/dashboard-messages2.html]
[amentotech.com/htmls/worktern/images/save-1.png]
[amentotech.com/htmls/worktern/images/save-2.png]
[amentotech.com/htmls/worktern/images/save-3.png]
[amentotech.com/htmls/worktern/dashboard-saveitems.html]
[amentotech.com/htmls/worktern/images/save-img-01.jpg]
[amentotech.com/htmls/worktern/dashboard-invocies.html]
[amentotech.com/htmls/worktern/images/categories/img-09.png]
[amentotech.com/htmls/worktern/images/categories/img-10.png]
[amentotech.com/htmls/worktern/dashboard-category.html]
[amentotech.com/htmls/worktern/dashboard-proposals.html]
[amentotech.com/htmls/worktern/images/template/img-01.jpg]
[amentotech.com/htmls/worktern/dashboard-packages.html]
[amentotech.com/htmls/worktern/images/template/img-02.jpg]
[amentotech.com/htmls/worktern/images/template/img-03.jpg]
[amentotech.com/htmls/worktern/images/template/img-04.jpg]
[amentotech.com/htmls/worktern/dashboard-accountsettings.html]
[amentotech.com/htmls/worktern/dashboard-helpsupport.html]
[amentotech.com/htmls/worktern/images/mCSB_buttons.png]
[amentotech.com/htmls/worktern/fonts/webfonts/fa-brands-400.svg]
[amentotech.com/htmls/worktern/fonts/webfonts/fa-regular-400.svg]
[amentotech.com/htmls/worktern/fonts/webfonts/fa-solid-900.svg]
[amentotech.com/htmls/worktern/fonts/webfonts/fa-solid-900.woff2]
[amentotech.com/htmls/worktern/fonts/fontawesome-webfont3e6e.svg]
[amentotech.com/htmls/worktern/css/owl.video.play.png]
[amentotech.com/htmls/worktern/css/owl.carousel.min.css]
[amentotech.com/htmls/worktern/fonts/Linearicons-Free54e9.svg]
[amentotech.com/htmls/worktern/images/ui-icons_444444_256x240.html]
[amentotech.com/htmls/worktern/images/ui-icons_555555_256x240.html]
[amentotech.com/htmls/worktern/images/ui-icons_ffffff_256x240.html]
[amentotech.com/htmls/worktern/images/ui-icons_777620_256x240.html]
[amentotech.com/htmls/worktern/images/ui-icons_cc0000_256x240.html]
[amentotech.com/htmls/worktern/images/ui-icons_777777_256x240.html]
[amentotech.com/htmls/worktern/css/chosen-sprite.html]
[amentotech.com/htmls/worktern/images/article/list/img-01.jpg]
[amentotech.com/htmls/worktern/images/article/list/img-02.jpg]
[amentotech.com/htmls/worktern/images/article/list/img-03.jpg]
[amentotech.com/htmls/worktern/images/article/list/img-04.jpg]
[amentotech.com/htmls/worktern/images/article/list/img-05.jpg]
[amentotech.com/htmls/worktern/images/article/list/img-06.jpg]
[amentotech.com/htmls/worktern/articlelist.html]
[amentotech.com/htmls/worktern/javascript;void(0);.html]
[amentotech.com/htmls/worktern/register-02.html]
[amentotech.com/htmls/worktern/register.html]
[amentotech.com/htmls/worktern/fonts/themify9f24.eot]
[amentotech.com/htmls/worktern/fonts/themifyd41d.eot]
[amentotech.com/htmls/worktern/fonts/themify9f24.woff]
[amentotech.com/htmls/worktern/fonts/themify9f24.ttf]
[amentotech.com/htmls/worktern/css/themify-icons.css]
[amentotech.com/htmls/worktern/images/messages/shadow.png]
[amentotech.com/htmls/worktern/images/shadow-02.png]
[amentotech.com/htmls/worktern/images/shadow-01.png]
[amentotech.com/htmls/worktern/images/complete-job.png]
[amentotech.com/htmls/worktern/css/dashboard.css]
[amentotech.com/htmls/worktern/css/dbresponsive.css]
[amentotech.com/htmls/worktern/dashboard-postjob.html]
[amentotech.com/htmls/worktern/css/basictable.css]
[amentotech.com/htmls/worktern/dashboard-packages.html]
[amentotech.com/htmls/worktern/images/mCSB_buttons.png]
[amentotech.com/htmls/worktern/css/owl.video.play.html]
[amentotech.com/htmls/worktern/register-03.html]
[amentotech.com/htmls/worktern/register-02.html]
[amentotech.com/htmls/worktern/fonts/themify9f24.svg]
[amentotech.com/htmls/worktern/images/work/img-04.jpg]
[amentotech.com/htmls/worktern/register-04.html]
[amentotech.com/htmls/worktern/register-03.html]
[amentotech.com/htmls/worktern/register-04.html]
